  姝ｅ湪纭畾瑕佽繕鍘熺殑椤圭洰鈥?
  鎵€鏈夐」鐩潎鏄渶鏂扮殑锛屾棤娉曡繕鍘熴€?
C:\dev\sd1\sts2_ExampleMod-main\src\Core\ModBootstrap.cs(11,27): warning CS8632: 鍙兘鍦?"#nullable" 娉ㄩ噴涓婁笅鏂囧唴鐨勪唬鐮佷腑浣跨敤鍙负 null 鐨勫紩鐢ㄧ被鍨嬬殑娉ㄩ噴銆?[C:\dev\sd1\sts2_ExampleMod-main\KKSavePoint.csproj]
C:\dev\sd1\sts2_ExampleMod-main\src\Features\SavePointFeature.cs(5393,18): warning CS8632: 鍙兘鍦?"#nullable" 娉ㄩ噴涓婁笅鏂囧唴鐨勪唬鐮佷腑浣跨敤鍙负 null 鐨勫紩鐢ㄧ被鍨嬬殑娉ㄩ噴銆?[C:\dev\sd1\sts2_ExampleMod-main\KKSavePoint.csproj]
C:\dev\sd1\sts2_ExampleMod-main\src\Features\SavePointFeature.cs(5712,63): warning CS8632: 鍙兘鍦?"#nullable" 娉ㄩ噴涓婁笅鏂囧唴鐨勪唬鐮佷腑浣跨敤鍙负 null 鐨勫紩鐢ㄧ被鍨嬬殑娉ㄩ噴銆?[C:\dev\sd1\sts2_ExampleMod-main\KKSavePoint.csproj]
C:\dev\sd1\sts2_ExampleMod-main\src\Features\Settings\SettingsButtonInstaller.cs(54,80): warning CS8632: 鍙兘鍦?"#nullable" 娉ㄩ噴涓婁笅鏂囧唴鐨勪唬鐮佷腑浣跨敤鍙负 null 鐨勫紩鐢ㄧ被鍨嬬殑娉ㄩ噴銆?[C:\dev\sd1\sts2_ExampleMod-main\KKSavePoint.csproj]
C:\dev\sd1\sts2_ExampleMod-main\src\Features\SavePointFeature.cs(5729,63): warning CS8632: 鍙兘鍦?"#nullable" 娉ㄩ噴涓婁笅鏂囧唴鐨勪唬鐮佷腑浣跨敤鍙负 null 鐨勫紩鐢ㄧ被鍨嬬殑娉ㄩ噴銆?[C:\dev\sd1\sts2_ExampleMod-main\KKSavePoint.csproj]
C:\dev\sd1\sts2_ExampleMod-main\src\Features\Settings\SettingsButtonInstaller.cs(109,29): warning CS8632: 鍙兘鍦?"#nullable" 娉ㄩ噴涓婁笅鏂囧唴鐨勪唬鐮佷腑浣跨敤鍙负 null 鐨勫紩鐢ㄧ被鍨嬬殑娉ㄩ噴銆?[C:\dev\sd1\sts2_ExampleMod-main\KKSavePoint.csproj]
C:\dev\sd1\sts2_ExampleMod-main\src\Features\SavePointFeature.cs(5392,29): warning CS8632: 鍙兘鍦?"#nullable" 娉ㄩ噴涓婁笅鏂囧唴鐨勪唬鐮佷腑浣跨敤鍙负 null 鐨勫紩鐢ㄧ被鍨嬬殑娉ㄩ噴銆?[C:\dev\sd1\sts2_ExampleMod-main\KKSavePoint.csproj]
C:\dev\sd1\sts2_ExampleMod-main\src\Features\SavePointFeature.cs(571,51): warning CS8632: 鍙兘鍦?"#nullable" 娉ㄩ噴涓婁笅鏂囧唴鐨勪唬鐮佷腑浣跨敤鍙负 null 鐨勫紩鐢ㄧ被鍨嬬殑娉ㄩ噴銆?[C:\dev\sd1\sts2_ExampleMod-main\KKSavePoint.csproj]
C:\dev\sd1\sts2_ExampleMod-main\src\Features\SavePointFeature.cs(60,36): warning CS8632: 鍙兘鍦?"#nullable" 娉ㄩ噴涓婁笅鏂囧唴鐨勪唬鐮佷腑浣跨敤鍙负 null 鐨勫紩鐢ㄧ被鍨嬬殑娉ㄩ噴銆?[C:\dev\sd1\sts2_ExampleMod-main\KKSavePoint.csproj]
C:\dev\sd1\sts2_ExampleMod-main\src\Features\SavePointFeature.cs(73,26): warning CS8632: 鍙兘鍦?"#nullable" 娉ㄩ噴涓婁笅鏂囧唴鐨勪唬鐮佷腑浣跨敤鍙负 null 鐨勫紩鐢ㄧ被鍨嬬殑娉ㄩ噴銆?[C:\dev\sd1\sts2_ExampleMod-main\KKSavePoint.csproj]
C:\dev\sd1\sts2_ExampleMod-main\src\Features\SavePointFeature.cs(75,34): warning CS8632: 鍙兘鍦?"#nullable" 娉ㄩ噴涓婁笅鏂囧唴鐨勪唬鐮佷腑浣跨敤鍙负 null 鐨勫紩鐢ㄧ被鍨嬬殑娉ㄩ噴銆?[C:\dev\sd1\sts2_ExampleMod-main\KKSavePoint.csproj]
C:\dev\sd1\sts2_ExampleMod-main\src\Features\SavePointFeature.cs(76,40): warning CS8632: 鍙兘鍦?"#nullable" 娉ㄩ噴涓婁笅鏂囧唴鐨勪唬鐮佷腑浣跨敤鍙负 null 鐨勫紩鐢ㄧ被鍨嬬殑娉ㄩ噴銆?[C:\dev\sd1\sts2_ExampleMod-main\KKSavePoint.csproj]
C:\dev\sd1\sts2_ExampleMod-main\src\Features\SavePointFeature.cs(77,31): warning CS8632: 鍙兘鍦?"#nullable" 娉ㄩ噴涓婁笅鏂囧唴鐨勪唬鐮佷腑浣跨敤鍙负 null 鐨勫紩鐢ㄧ被鍨嬬殑娉ㄩ噴銆?[C:\dev\sd1\sts2_ExampleMod-main\KKSavePoint.csproj]
C:\dev\sd1\sts2_ExampleMod-main\src\Features\SavePointFeature.cs(78,38): warning CS8632: 鍙兘鍦?"#nullable" 娉ㄩ噴涓婁笅鏂囧唴鐨勪唬鐮佷腑浣跨敤鍙负 null 鐨勫紩鐢ㄧ被鍨嬬殑娉ㄩ噴銆?[C:\dev\sd1\sts2_ExampleMod-main\KKSavePoint.csproj]
C:\dev\sd1\sts2_ExampleMod-main\src\Features\SavePointFeature.cs(101,25): warning CS8632: 鍙兘鍦?"#nullable" 娉ㄩ噴涓婁笅鏂囧唴鐨勪唬鐮佷腑浣跨敤鍙负 null 鐨勫紩鐢ㄧ被鍨嬬殑娉ㄩ噴銆?[C:\dev\sd1\sts2_ExampleMod-main\KKSavePoint.csproj]
C:\dev\sd1\sts2_ExampleMod-main\src\Features\SavePointFeature.cs(179,22): warning CS8632: 鍙兘鍦?"#nullable" 娉ㄩ噴涓婁笅鏂囧唴鐨勪唬鐮佷腑浣跨敤鍙负 null 鐨勫紩鐢ㄧ被鍨嬬殑娉ㄩ噴銆?[C:\dev\sd1\sts2_ExampleMod-main\KKSavePoint.csproj]
C:\dev\sd1\sts2_ExampleMod-main\src\Features\SavePointFeature.cs(186,22): warning CS8632: 鍙兘鍦?"#nullable" 娉ㄩ噴涓婁笅鏂囧唴鐨勪唬鐮佷腑浣跨敤鍙负 null 鐨勫紩鐢ㄧ被鍨嬬殑娉ㄩ噴銆?[C:\dev\sd1\sts2_ExampleMod-main\KKSavePoint.csproj]
C:\dev\sd1\sts2_ExampleMod-main\src\Features\SavePointFeature.cs(188,22): warning CS8632: 鍙兘鍦?"#nullable" 娉ㄩ噴涓婁笅鏂囧唴鐨勪唬鐮佷腑浣跨敤鍙负 null 鐨勫紩鐢ㄧ被鍨嬬殑娉ㄩ噴銆?[C:\dev\sd1\sts2_ExampleMod-main\KKSavePoint.csproj]
C:\dev\sd1\sts2_ExampleMod-main\src\Features\SavePointFeature.cs(193,32): warning CS8632: 鍙兘鍦?"#nullable" 娉ㄩ噴涓婁笅鏂囧唴鐨勪唬鐮佷腑浣跨敤鍙负 null 鐨勫紩鐢ㄧ被鍨嬬殑娉ㄩ噴銆?[C:\dev\sd1\sts2_ExampleMod-main\KKSavePoint.csproj]
C:\dev\sd1\sts2_ExampleMod-main\src\Features\SavePointFeature.cs(196,41): warning CS8632: 鍙兘鍦?"#nullable" 娉ㄩ噴涓婁笅鏂囧唴鐨勪唬鐮佷腑浣跨敤鍙负 null 鐨勫紩鐢ㄧ被鍨嬬殑娉ㄩ噴銆?[C:\dev\sd1\sts2_ExampleMod-main\KKSavePoint.csproj]
C:\dev\sd1\sts2_ExampleMod-main\src\Features\SavePointFeature.cs(259,25): warning CS8632: 鍙兘鍦?"#nullable" 娉ㄩ噴涓婁笅鏂囧唴鐨勪唬鐮佷腑浣跨敤鍙负 null 鐨勫紩鐢ㄧ被鍨嬬殑娉ㄩ噴銆?[C:\dev\sd1\sts2_ExampleMod-main\KKSavePoint.csproj]
C:\dev\sd1\sts2_ExampleMod-main\src\Features\SavePointFeature.cs(291,22): warning CS8632: 鍙兘鍦?"#nullable" 娉ㄩ噴涓婁笅鏂囧唴鐨勪唬鐮佷腑浣跨敤鍙负 null 鐨勫紩鐢ㄧ被鍨嬬殑娉ㄩ噴銆?[C:\dev\sd1\sts2_ExampleMod-main\KKSavePoint.csproj]
C:\dev\sd1\sts2_ExampleMod-main\src\Features\SavePointFeature.cs(298,22): warning CS8632: 鍙兘鍦?"#nullable" 娉ㄩ噴涓婁笅鏂囧唴鐨勪唬鐮佷腑浣跨敤鍙负 null 鐨勫紩鐢ㄧ被鍨嬬殑娉ㄩ噴銆?[C:\dev\sd1\sts2_ExampleMod-main\KKSavePoint.csproj]
C:\dev\sd1\sts2_ExampleMod-main\src\Features\SavePointFeature.cs(5110,67): warning CS8632: 鍙兘鍦?"#nullable" 娉ㄩ噴涓婁笅鏂囧唴鐨勪唬鐮佷腑浣跨敤鍙负 null 鐨勫紩鐢ㄧ被鍨嬬殑娉ㄩ噴銆?[C:\dev\sd1\sts2_ExampleMod-main\KKSavePoint.csproj]
C:\dev\sd1\sts2_ExampleMod-main\src\Features\SavePointFeature.cs(5166,72): warning CS8632: 鍙兘鍦?"#nullable" 娉ㄩ噴涓婁笅鏂囧唴鐨勪唬鐮佷腑浣跨敤鍙负 null 鐨勫紩鐢ㄧ被鍨嬬殑娉ㄩ噴銆?[C:\dev\sd1\sts2_ExampleMod-main\KKSavePoint.csproj]
C:\dev\sd1\sts2_ExampleMod-main\src\Features\SavePointFeature.cs(5242,114): warning CS8632: 鍙兘鍦?"#nullable" 娉ㄩ噴涓婁笅鏂囧唴鐨勪唬鐮佷腑浣跨敤鍙负 null 鐨勫紩鐢ㄧ被鍨嬬殑娉ㄩ噴銆?[C:\dev\sd1\sts2_ExampleMod-main\KKSavePoint.csproj]
C:\dev\sd1\sts2_ExampleMod-main\src\Features\SavePointFeature.cs(5777,46): warning CS8632: 鍙兘鍦?"#nullable" 娉ㄩ噴涓婁笅鏂囧唴鐨勪唬鐮佷腑浣跨敤鍙负 null 鐨勫紩鐢ㄧ被鍨嬬殑娉ㄩ噴銆?[C:\dev\sd1\sts2_ExampleMod-main\KKSavePoint.csproj]
C:\dev\sd1\sts2_ExampleMod-main\src\Features\SavePointFeature.cs(216,22): warning CS8632: 鍙兘鍦?"#nullable" 娉ㄩ噴涓婁笅鏂囧唴鐨勪唬鐮佷腑浣跨敤鍙负 null 鐨勫紩鐢ㄧ被鍨嬬殑娉ㄩ噴銆?[C:\dev\sd1\sts2_ExampleMod-main\KKSavePoint.csproj]
C:\dev\sd1\sts2_ExampleMod-main\src\Features\SavePointFeature.cs(223,27): warning CS8632: 鍙兘鍦?"#nullable" 娉ㄩ噴涓婁笅鏂囧唴鐨勪唬鐮佷腑浣跨敤鍙负 null 鐨勫紩鐢ㄧ被鍨嬬殑娉ㄩ噴銆?[C:\dev\sd1\sts2_ExampleMod-main\KKSavePoint.csproj]
C:\dev\sd1\sts2_ExampleMod-main\src\Features\SavePointFeature.cs(579,13): warning CS8632: 鍙兘鍦?"#nullable" 娉ㄩ噴涓婁笅鏂囧唴鐨勪唬鐮佷腑浣跨敤鍙负 null 鐨勫紩鐢ㄧ被鍨嬬殑娉ㄩ噴銆?[C:\dev\sd1\sts2_ExampleMod-main\KKSavePoint.csproj]
C:\dev\sd1\sts2_ExampleMod-main\src\Features\SavePointFeature.cs(1062,19): warning CS8632: 鍙兘鍦?"#nullable" 娉ㄩ噴涓婁笅鏂囧唴鐨勪唬鐮佷腑浣跨敤鍙负 null 鐨勫紩鐢ㄧ被鍨嬬殑娉ㄩ噴銆?[C:\dev\sd1\sts2_ExampleMod-main\KKSavePoint.csproj]
C:\dev\sd1\sts2_ExampleMod-main\src\Features\SavePointFeature.cs(1404,19): warning CS8632: 鍙兘鍦?"#nullable" 娉ㄩ噴涓婁笅鏂囧唴鐨勪唬鐮佷腑浣跨敤鍙负 null 鐨勫紩鐢ㄧ被鍨嬬殑娉ㄩ噴銆?[C:\dev\sd1\sts2_ExampleMod-main\KKSavePoint.csproj]
C:\dev\sd1\sts2_ExampleMod-main\src\Features\SavePointFeature.cs(1544,24): warning CS8632: 鍙兘鍦?"#nullable" 娉ㄩ噴涓婁笅鏂囧唴鐨勪唬鐮佷腑浣跨敤鍙负 null 鐨勫紩鐢ㄧ被鍨嬬殑娉ㄩ噴銆?[C:\dev\sd1\sts2_ExampleMod-main\KKSavePoint.csproj]
C:\dev\sd1\sts2_ExampleMod-main\src\Features\SavePointFeature.cs(1652,19): warning CS8632: 鍙兘鍦?"#nullable" 娉ㄩ噴涓婁笅鏂囧唴鐨勪唬鐮佷腑浣跨敤鍙负 null 鐨勫紩鐢ㄧ被鍨嬬殑娉ㄩ噴銆?[C:\dev\sd1\sts2_ExampleMod-main\KKSavePoint.csproj]
C:\dev\sd1\sts2_ExampleMod-main\src\Features\SavePointFeature.cs(1711,27): warning CS8632: 鍙兘鍦?"#nullable" 娉ㄩ噴涓婁笅鏂囧唴鐨勪唬鐮佷腑浣跨敤鍙负 null 鐨勫紩鐢ㄧ被鍨嬬殑娉ㄩ噴銆?[C:\dev\sd1\sts2_ExampleMod-main\KKSavePoint.csproj]
C:\dev\sd1\sts2_ExampleMod-main\src\Features\SavePointFeature.cs(1765,37): error CS0117: 鈥淟og鈥濇湭鍖呭惈鈥淲arning鈥濈殑瀹氫箟 [C:\dev\sd1\sts2_ExampleMod-main\KKSavePoint.csproj]
C:\dev\sd1\sts2_ExampleMod-main\src\Features\SavePointFeature.cs(2029,24): warning CS8632: 鍙兘鍦?"#nullable" 娉ㄩ噴涓婁笅鏂囧唴鐨勪唬鐮佷腑浣跨敤鍙负 null 鐨勫紩鐢ㄧ被鍨嬬殑娉ㄩ噴銆?[C:\dev\sd1\sts2_ExampleMod-main\KKSavePoint.csproj]
C:\dev\sd1\sts2_ExampleMod-main\src\Features\SavePointFeature.cs(2234,28): warning CS8632: 鍙兘鍦?"#nullable" 娉ㄩ噴涓婁笅鏂囧唴鐨勪唬鐮佷腑浣跨敤鍙负 null 鐨勫紩鐢ㄧ被鍨嬬殑娉ㄩ噴銆?[C:\dev\sd1\sts2_ExampleMod-main\KKSavePoint.csproj]
C:\dev\sd1\sts2_ExampleMod-main\src\Features\SavePointFeature.cs(2268,19): warning CS8632: 鍙兘鍦?"#nullable" 娉ㄩ噴涓婁笅鏂囧唴鐨勪唬鐮佷腑浣跨敤鍙负 null 鐨勫紩鐢ㄧ被鍨嬬殑娉ㄩ噴銆?[C:\dev\sd1\sts2_ExampleMod-main\KKSavePoint.csproj]
C:\dev\sd1\sts2_ExampleMod-main\src\Features\SavePointFeature.cs(2280,59): warning CS8632: 鍙兘鍦?"#nullable" 娉ㄩ噴涓婁笅鏂囧唴鐨勪唬鐮佷腑浣跨敤鍙负 null 鐨勫紩鐢ㄧ被鍨嬬殑娉ㄩ噴銆?[C:\dev\sd1\sts2_ExampleMod-main\KKSavePoint.csproj]
C:\dev\sd1\sts2_ExampleMod-main\src\Features\SavePointFeature.cs(2288,68): warning CS8632: 鍙兘鍦?"#nullable" 娉ㄩ噴涓婁笅鏂囧唴鐨勪唬鐮佷腑浣跨敤鍙负 null 鐨勫紩鐢ㄧ被鍨嬬殑娉ㄩ噴銆?[C:\dev\sd1\sts2_ExampleMod-main\KKSavePoint.csproj]
C:\dev\sd1\sts2_ExampleMod-main\src\Features\SavePointFeature.cs(2292,50): warning CS8632: 鍙兘鍦?"#nullable" 娉ㄩ噴涓婁笅鏂囧唴鐨勪唬鐮佷腑浣跨敤鍙负 null 鐨勫紩鐢ㄧ被鍨嬬殑娉ㄩ噴銆?[C:\dev\sd1\sts2_ExampleMod-main\KKSavePoint.csproj]
C:\dev\sd1\sts2_ExampleMod-main\src\Features\SavePointFeature.cs(2623,28): warning CS8632: 鍙兘鍦?"#nullable" 娉ㄩ噴涓婁笅鏂囧唴鐨勪唬鐮佷腑浣跨敤鍙负 null 鐨勫紩鐢ㄧ被鍨嬬殑娉ㄩ噴銆?[C:\dev\sd1\sts2_ExampleMod-main\KKSavePoint.csproj]
C:\dev\sd1\sts2_ExampleMod-main\src\Features\SavePointFeature.cs(2657,19): warning CS8632: 鍙兘鍦?"#nullable" 娉ㄩ噴涓婁笅鏂囧唴鐨勪唬鐮佷腑浣跨敤鍙负 null 鐨勫紩鐢ㄧ被鍨嬬殑娉ㄩ噴銆?[C:\dev\sd1\sts2_ExampleMod-main\KKSavePoint.csproj]
C:\dev\sd1\sts2_ExampleMod-main\src\Features\SavePointFeature.cs(2669,59): warning CS8632: 鍙兘鍦?"#nullable" 娉ㄩ噴涓婁笅鏂囧唴鐨勪唬鐮佷腑浣跨敤鍙负 null 鐨勫紩鐢ㄧ被鍨嬬殑娉ㄩ噴銆?[C:\dev\sd1\sts2_ExampleMod-main\KKSavePoint.csproj]
C:\dev\sd1\sts2_ExampleMod-main\src\Features\SavePointFeature.cs(2677,68): warning CS8632: 鍙兘鍦?"#nullable" 娉ㄩ噴涓婁笅鏂囧唴鐨勪唬鐮佷腑浣跨敤鍙负 null 鐨勫紩鐢ㄧ被鍨嬬殑娉ㄩ噴銆?[C:\dev\sd1\sts2_ExampleMod-main\KKSavePoint.csproj]
C:\dev\sd1\sts2_ExampleMod-main\src\Features\SavePointFeature.cs(2681,50): warning CS8632: 鍙兘鍦?"#nullable" 娉ㄩ噴涓婁笅鏂囧唴鐨勪唬鐮佷腑浣跨敤鍙负 null 鐨勫紩鐢ㄧ被鍨嬬殑娉ㄩ噴銆?[C:\dev\sd1\sts2_ExampleMod-main\KKSavePoint.csproj]
C:\dev\sd1\sts2_ExampleMod-main\src\Features\SavePointFeature.cs(2768,27): warning CS8632: 鍙兘鍦?"#nullable" 娉ㄩ噴涓婁笅鏂囧唴鐨勪唬鐮佷腑浣跨敤鍙负 null 鐨勫紩鐢ㄧ被鍨嬬殑娉ㄩ噴銆?[C:\dev\sd1\sts2_ExampleMod-main\KKSavePoint.csproj]
C:\dev\sd1\sts2_ExampleMod-main\src\Features\SavePointFeature.cs(2780,69): warning CS8632: 鍙兘鍦?"#nullable" 娉ㄩ噴涓婁笅鏂囧唴鐨勪唬鐮佷腑浣跨敤鍙负 null 鐨勫紩鐢ㄧ被鍨嬬殑娉ㄩ噴銆?[C:\dev\sd1\sts2_ExampleMod-main\KKSavePoint.csproj]
C:\dev\sd1\sts2_ExampleMod-main\src\Features\SavePointFeature.cs(3132,17): warning CS8632: 鍙兘鍦?"#nullable" 娉ㄩ噴涓婁笅鏂囧唴鐨勪唬鐮佷腑浣跨敤鍙负 null 鐨勫紩鐢ㄧ被鍨嬬殑娉ㄩ噴銆?[C:\dev\sd1\sts2_ExampleMod-main\KKSavePoint.csproj]
C:\dev\sd1\sts2_ExampleMod-main\src\Features\SavePointFeature.cs(3304,24): warning CS8632: 鍙兘鍦?"#nullable" 娉ㄩ噴涓婁笅鏂囧唴鐨勪唬鐮佷腑浣跨敤鍙负 null 鐨勫紩鐢ㄧ被鍨嬬殑娉ㄩ噴銆?[C:\dev\sd1\sts2_ExampleMod-main\KKSavePoint.csproj]
C:\dev\sd1\sts2_ExampleMod-main\src\Features\SavePointFeature.cs(3305,24): warning CS8632: 鍙兘鍦?"#nullable" 娉ㄩ噴涓婁笅鏂囧唴鐨勪唬鐮佷腑浣跨敤鍙负 null 鐨勫紩鐢ㄧ被鍨嬬殑娉ㄩ噴銆?[C:\dev\sd1\sts2_ExampleMod-main\KKSavePoint.csproj]
C:\dev\sd1\sts2_ExampleMod-main\src\Features\SavePointFeature.cs(3368,24): warning CS8632: 鍙兘鍦?"#nullable" 娉ㄩ噴涓婁笅鏂囧唴鐨勪唬鐮佷腑浣跨敤鍙负 null 鐨勫紩鐢ㄧ被鍨嬬殑娉ㄩ噴銆?[C:\dev\sd1\sts2_ExampleMod-main\KKSavePoint.csproj]
C:\dev\sd1\sts2_ExampleMod-main\src\Features\SavePointFeature.cs(3414,19): warning CS8632: 鍙兘鍦?"#nullable" 娉ㄩ噴涓婁笅鏂囧唴鐨勪唬鐮佷腑浣跨敤鍙负 null 鐨勫紩鐢ㄧ被鍨嬬殑娉ㄩ噴銆?[C:\dev\sd1\sts2_ExampleMod-main\KKSavePoint.csproj]
C:\dev\sd1\sts2_ExampleMod-main\src\Features\SavePointFeature.cs(3443,27): warning CS8632: 鍙兘鍦?"#nullable" 娉ㄩ噴涓婁笅鏂囧唴鐨勪唬鐮佷腑浣跨敤鍙负 null 鐨勫紩鐢ㄧ被鍨嬬殑娉ㄩ噴銆?[C:\dev\sd1\sts2_ExampleMod-main\KKSavePoint.csproj]
C:\dev\sd1\sts2_ExampleMod-main\src\Features\SavePointFeature.cs(3848,27): warning CS8632: 鍙兘鍦?"#nullable" 娉ㄩ噴涓婁笅鏂囧唴鐨勪唬鐮佷腑浣跨敤鍙负 null 鐨勫紩鐢ㄧ被鍨嬬殑娉ㄩ噴銆?[C:\dev\sd1\sts2_ExampleMod-main\KKSavePoint.csproj]
C:\dev\sd1\sts2_ExampleMod-main\src\Features\SavePointFeature.cs(3979,35): warning CS8632: 鍙兘鍦?"#nullable" 娉ㄩ噴涓婁笅鏂囧唴鐨勪唬鐮佷腑浣跨敤鍙负 null 鐨勫紩鐢ㄧ被鍨嬬殑娉ㄩ噴銆?[C:\dev\sd1\sts2_ExampleMod-main\KKSavePoint.csproj]
C:\dev\sd1\sts2_ExampleMod-main\src\Features\SavePointFeature.cs(4270,28): warning CS8632: 鍙兘鍦?"#nullable" 娉ㄩ噴涓婁笅鏂囧唴鐨勪唬鐮佷腑浣跨敤鍙负 null 鐨勫紩鐢ㄧ被鍨嬬殑娉ㄩ噴銆?[C:\dev\sd1\sts2_ExampleMod-main\KKSavePoint.csproj]
C:\dev\sd1\sts2_ExampleMod-main\src\Features\SavePointFeature.cs(4469,19): warning CS8632: 鍙兘鍦?"#nullable" 娉ㄩ噴涓婁笅鏂囧唴鐨勪唬鐮佷腑浣跨敤鍙负 null 鐨勫紩鐢ㄧ被鍨嬬殑娉ㄩ噴銆?[C:\dev\sd1\sts2_ExampleMod-main\KKSavePoint.csproj]
C:\dev\sd1\sts2_ExampleMod-main\src\Features\SavePointFeature.cs(4418,30): warning CS0168: 澹版槑浜嗗彉閲忊€渆x鈥濓紝浣嗕粠鏈娇鐢ㄨ繃 [C:\dev\sd1\sts2_ExampleMod-main\KKSavePoint.csproj]
C:\dev\sd1\sts2_ExampleMod-main\src\Features\SavePointFeature.cs(4461,30): warning CS0168: 澹版槑浜嗗彉閲忊€渆x鈥濓紝浣嗕粠鏈娇鐢ㄨ繃 [C:\dev\sd1\sts2_ExampleMod-main\KKSavePoint.csproj]
C:\dev\sd1\sts2_ExampleMod-main\src\Features\SavePointFeature.cs(4622,46): warning CS0168: 澹版槑浜嗗彉閲忊€渆x鈥濓紝浣嗕粠鏈娇鐢ㄨ繃 [C:\dev\sd1\sts2_ExampleMod-main\KKSavePoint.csproj]
C:\dev\sd1\sts2_ExampleMod-main\src\Features\SavePointFeature.cs(4469,21): warning CS0219: 鍙橀噺鈥渃ardsPath鈥濆凡琚祴鍊硷紝浣嗕粠鏈娇鐢ㄨ繃瀹冪殑鍊?[C:\dev\sd1\sts2_ExampleMod-main\KKSavePoint.csproj]
C:\dev\sd1\sts2_ExampleMod-main\src\Features\SavePointFeature.cs(4704,28): warning CS8632: 鍙兘鍦?"#nullable" 娉ㄩ噴涓婁笅鏂囧唴鐨勪唬鐮佷腑浣跨敤鍙负 null 鐨勫紩鐢ㄧ被鍨嬬殑娉ㄩ噴銆?[C:\dev\sd1\sts2_ExampleMod-main\KKSavePoint.csproj]
C:\dev\sd1\sts2_ExampleMod-main\src\Features\SavePointFeature.cs(4811,22): warning CS0219: 鍙橀噺鈥減rocessedPlayers鈥濆凡琚祴鍊硷紝浣嗕粠鏈娇鐢ㄨ繃瀹冪殑鍊?[C:\dev\sd1\sts2_ExampleMod-main\KKSavePoint.csproj]
C:\dev\sd1\sts2_ExampleMod-main\src\Features\SavePointFeature.cs(5254,23): warning CS8632: 鍙兘鍦?"#nullable" 娉ㄩ噴涓婁笅鏂囧唴鐨勪唬鐮佷腑浣跨敤鍙负 null 鐨勫紩鐢ㄧ被鍨嬬殑娉ㄩ噴銆?[C:\dev\sd1\sts2_ExampleMod-main\KKSavePoint.csproj]
C:\dev\sd1\sts2_ExampleMod-main\src\Features\SavePointFeature.cs(5184,31): warning CS8632: 鍙兘鍦?"#nullable" 娉ㄩ噴涓婁笅鏂囧唴鐨勪唬鐮佷腑浣跨敤鍙负 null 鐨勫紩鐢ㄧ被鍨嬬殑娉ㄩ噴銆?[C:\dev\sd1\sts2_ExampleMod-main\KKSavePoint.csproj]
C:\dev\sd1\sts2_ExampleMod-main\src\Features\SavePointFeature.cs(5121,23): warning CS8632: 鍙兘鍦?"#nullable" 娉ㄩ噴涓婁笅鏂囧唴鐨勪唬鐮佷腑浣跨敤鍙负 null 鐨勫紩鐢ㄧ被鍨嬬殑娉ㄩ噴銆?[C:\dev\sd1\sts2_ExampleMod-main\KKSavePoint.csproj]
C:\dev\sd1\sts2_ExampleMod-main\src\Features\SavePointFeature.cs(75,36): warning CS0414: 瀛楁鈥淪avePointFeature._pendingCardSelectionRecord鈥濆凡琚祴鍊硷紝浣嗕粠鏈娇鐢ㄨ繃瀹冪殑鍊?[C:\dev\sd1\sts2_ExampleMod-main\KKSavePoint.csproj]
C:\dev\sd1\sts2_ExampleMod-main\src\Features\SavePointFeature.cs(76,42): warning CS0414: 瀛楁鈥淪avePointFeature._pendingReplayCardSelection鈥濆凡琚祴鍊硷紝浣嗕粠鏈娇鐢ㄨ繃瀹冪殑鍊?[C:\dev\sd1\sts2_ExampleMod-main\KKSavePoint.csproj]
C:\dev\sd1\sts2_ExampleMod-main\src\Features\SavePointFeature.cs(60,38): warning CS0414: 瀛楁鈥淪avePointFeature._pendingReplayData鈥濆凡琚祴鍊硷紝浣嗕粠鏈娇鐢ㄨ繃瀹冪殑鍊?[C:\dev\sd1\sts2_ExampleMod-main\KKSavePoint.csproj]
CSC : warning STS002: Localization files must be added as additional files for analysis [C:\dev\sd1\sts2_ExampleMod-main\KKSavePoint.csproj]

鐢熸垚澶辫触銆?

C:\dev\sd1\sts2_ExampleMod-main\src\Core\ModBootstrap.cs(11,27): warning CS8632: 鍙兘鍦?"#nullable" 娉ㄩ噴涓婁笅鏂囧唴鐨勪唬鐮佷腑浣跨敤鍙负 null 鐨勫紩鐢ㄧ被鍨嬬殑娉ㄩ噴銆?[C:\dev\sd1\sts2_ExampleMod-main\KKSavePoint.csproj]
C:\dev\sd1\sts2_ExampleMod-main\src\Features\SavePointFeature.cs(5393,18): warning CS8632: 鍙兘鍦?"#nullable" 娉ㄩ噴涓婁笅鏂囧唴鐨勪唬鐮佷腑浣跨敤鍙负 null 鐨勫紩鐢ㄧ被鍨嬬殑娉ㄩ噴銆?[C:\dev\sd1\sts2_ExampleMod-main\KKSavePoint.csproj]
C:\dev\sd1\sts2_ExampleMod-main\src\Features\SavePointFeature.cs(5712,63): warning CS8632: 鍙兘鍦?"#nullable" 娉ㄩ噴涓婁笅鏂囧唴鐨勪唬鐮佷腑浣跨敤鍙负 null 鐨勫紩鐢ㄧ被鍨嬬殑娉ㄩ噴銆?[C:\dev\sd1\sts2_ExampleMod-main\KKSavePoint.csproj]
C:\dev\sd1\sts2_ExampleMod-main\src\Features\Settings\SettingsButtonInstaller.cs(54,80): warning CS8632: 鍙兘鍦?"#nullable" 娉ㄩ噴涓婁笅鏂囧唴鐨勪唬鐮佷腑浣跨敤鍙负 null 鐨勫紩鐢ㄧ被鍨嬬殑娉ㄩ噴銆?[C:\dev\sd1\sts2_ExampleMod-main\KKSavePoint.csproj]
C:\dev\sd1\sts2_ExampleMod-main\src\Features\SavePointFeature.cs(5729,63): warning CS8632: 鍙兘鍦?"#nullable" 娉ㄩ噴涓婁笅鏂囧唴鐨勪唬鐮佷腑浣跨敤鍙负 null 鐨勫紩鐢ㄧ被鍨嬬殑娉ㄩ噴銆?[C:\dev\sd1\sts2_ExampleMod-main\KKSavePoint.csproj]
C:\dev\sd1\sts2_ExampleMod-main\src\Features\Settings\SettingsButtonInstaller.cs(109,29): warning CS8632: 鍙兘鍦?"#nullable" 娉ㄩ噴涓婁笅鏂囧唴鐨勪唬鐮佷腑浣跨敤鍙负 null 鐨勫紩鐢ㄧ被鍨嬬殑娉ㄩ噴銆?[C:\dev\sd1\sts2_ExampleMod-main\KKSavePoint.csproj]
C:\dev\sd1\sts2_ExampleMod-main\src\Features\SavePointFeature.cs(5392,29): warning CS8632: 鍙兘鍦?"#nullable" 娉ㄩ噴涓婁笅鏂囧唴鐨勪唬鐮佷腑浣跨敤鍙负 null 鐨勫紩鐢ㄧ被鍨嬬殑娉ㄩ噴銆?[C:\dev\sd1\sts2_ExampleMod-main\KKSavePoint.csproj]
C:\dev\sd1\sts2_ExampleMod-main\src\Features\SavePointFeature.cs(571,51): warning CS8632: 鍙兘鍦?"#nullable" 娉ㄩ噴涓婁笅鏂囧唴鐨勪唬鐮佷腑浣跨敤鍙负 null 鐨勫紩鐢ㄧ被鍨嬬殑娉ㄩ噴銆?[C:\dev\sd1\sts2_ExampleMod-main\KKSavePoint.csproj]
C:\dev\sd1\sts2_ExampleMod-main\src\Features\SavePointFeature.cs(60,36): warning CS8632: 鍙兘鍦?"#nullable" 娉ㄩ噴涓婁笅鏂囧唴鐨勪唬鐮佷腑浣跨敤鍙负 null 鐨勫紩鐢ㄧ被鍨嬬殑娉ㄩ噴銆?[C:\dev\sd1\sts2_ExampleMod-main\KKSavePoint.csproj]
C:\dev\sd1\sts2_ExampleMod-main\src\Features\SavePointFeature.cs(73,26): warning CS8632: 鍙兘鍦?"#nullable" 娉ㄩ噴涓婁笅鏂囧唴鐨勪唬鐮佷腑浣跨敤鍙负 null 鐨勫紩鐢ㄧ被鍨嬬殑娉ㄩ噴銆?[C:\dev\sd1\sts2_ExampleMod-main\KKSavePoint.csproj]
C:\dev\sd1\sts2_ExampleMod-main\src\Features\SavePointFeature.cs(75,34): warning CS8632: 鍙兘鍦?"#nullable" 娉ㄩ噴涓婁笅鏂囧唴鐨勪唬鐮佷腑浣跨敤鍙负 null 鐨勫紩鐢ㄧ被鍨嬬殑娉ㄩ噴銆?[C:\dev\sd1\sts2_ExampleMod-main\KKSavePoint.csproj]
C:\dev\sd1\sts2_ExampleMod-main\src\Features\SavePointFeature.cs(76,40): warning CS8632: 鍙兘鍦?"#nullable" 娉ㄩ噴涓婁笅鏂囧唴鐨勪唬鐮佷腑浣跨敤鍙负 null 鐨勫紩鐢ㄧ被鍨嬬殑娉ㄩ噴銆?[C:\dev\sd1\sts2_ExampleMod-main\KKSavePoint.csproj]
C:\dev\sd1\sts2_ExampleMod-main\src\Features\SavePointFeature.cs(77,31): warning CS8632: 鍙兘鍦?"#nullable" 娉ㄩ噴涓婁笅鏂囧唴鐨勪唬鐮佷腑浣跨敤鍙负 null 鐨勫紩鐢ㄧ被鍨嬬殑娉ㄩ噴銆?[C:\dev\sd1\sts2_ExampleMod-main\KKSavePoint.csproj]
C:\dev\sd1\sts2_ExampleMod-main\src\Features\SavePointFeature.cs(78,38): warning CS8632: 鍙兘鍦?"#nullable" 娉ㄩ噴涓婁笅鏂囧唴鐨勪唬鐮佷腑浣跨敤鍙负 null 鐨勫紩鐢ㄧ被鍨嬬殑娉ㄩ噴銆?[C:\dev\sd1\sts2_ExampleMod-main\KKSavePoint.csproj]
C:\dev\sd1\sts2_ExampleMod-main\src\Features\SavePointFeature.cs(101,25): warning CS8632: 鍙兘鍦?"#nullable" 娉ㄩ噴涓婁笅鏂囧唴鐨勪唬鐮佷腑浣跨敤鍙负 null 鐨勫紩鐢ㄧ被鍨嬬殑娉ㄩ噴銆?[C:\dev\sd1\sts2_ExampleMod-main\KKSavePoint.csproj]
C:\dev\sd1\sts2_ExampleMod-main\src\Features\SavePointFeature.cs(179,22): warning CS8632: 鍙兘鍦?"#nullable" 娉ㄩ噴涓婁笅鏂囧唴鐨勪唬鐮佷腑浣跨敤鍙负 null 鐨勫紩鐢ㄧ被鍨嬬殑娉ㄩ噴銆?[C:\dev\sd1\sts2_ExampleMod-main\KKSavePoint.csproj]
C:\dev\sd1\sts2_ExampleMod-main\src\Features\SavePointFeature.cs(186,22): warning CS8632: 鍙兘鍦?"#nullable" 娉ㄩ噴涓婁笅鏂囧唴鐨勪唬鐮佷腑浣跨敤鍙负 null 鐨勫紩鐢ㄧ被鍨嬬殑娉ㄩ噴銆?[C:\dev\sd1\sts2_ExampleMod-main\KKSavePoint.csproj]
C:\dev\sd1\sts2_ExampleMod-main\src\Features\SavePointFeature.cs(188,22): warning CS8632: 鍙兘鍦?"#nullable" 娉ㄩ噴涓婁笅鏂囧唴鐨勪唬鐮佷腑浣跨敤鍙负 null 鐨勫紩鐢ㄧ被鍨嬬殑娉ㄩ噴銆?[C:\dev\sd1\sts2_ExampleMod-main\KKSavePoint.csproj]
C:\dev\sd1\sts2_ExampleMod-main\src\Features\SavePointFeature.cs(193,32): warning CS8632: 鍙兘鍦?"#nullable" 娉ㄩ噴涓婁笅鏂囧唴鐨勪唬鐮佷腑浣跨敤鍙负 null 鐨勫紩鐢ㄧ被鍨嬬殑娉ㄩ噴銆?[C:\dev\sd1\sts2_ExampleMod-main\KKSavePoint.csproj]
C:\dev\sd1\sts2_ExampleMod-main\src\Features\SavePointFeature.cs(196,41): warning CS8632: 鍙兘鍦?"#nullable" 娉ㄩ噴涓婁笅鏂囧唴鐨勪唬鐮佷腑浣跨敤鍙负 null 鐨勫紩鐢ㄧ被鍨嬬殑娉ㄩ噴銆?[C:\dev\sd1\sts2_ExampleMod-main\KKSavePoint.csproj]
C:\dev\sd1\sts2_ExampleMod-main\src\Features\SavePointFeature.cs(259,25): warning CS8632: 鍙兘鍦?"#nullable" 娉ㄩ噴涓婁笅鏂囧唴鐨勪唬鐮佷腑浣跨敤鍙负 null 鐨勫紩鐢ㄧ被鍨嬬殑娉ㄩ噴銆?[C:\dev\sd1\sts2_ExampleMod-main\KKSavePoint.csproj]
C:\dev\sd1\sts2_ExampleMod-main\src\Features\SavePointFeature.cs(291,22): warning CS8632: 鍙兘鍦?"#nullable" 娉ㄩ噴涓婁笅鏂囧唴鐨勪唬鐮佷腑浣跨敤鍙负 null 鐨勫紩鐢ㄧ被鍨嬬殑娉ㄩ噴銆?[C:\dev\sd1\sts2_ExampleMod-main\KKSavePoint.csproj]
C:\dev\sd1\sts2_ExampleMod-main\src\Features\SavePointFeature.cs(298,22): warning CS8632: 鍙兘鍦?"#nullable" 娉ㄩ噴涓婁笅鏂囧唴鐨勪唬鐮佷腑浣跨敤鍙负 null 鐨勫紩鐢ㄧ被鍨嬬殑娉ㄩ噴銆?[C:\dev\sd1\sts2_ExampleMod-main\KKSavePoint.csproj]
C:\dev\sd1\sts2_ExampleMod-main\src\Features\SavePointFeature.cs(5110,67): warning CS8632: 鍙兘鍦?"#nullable" 娉ㄩ噴涓婁笅鏂囧唴鐨勪唬鐮佷腑浣跨敤鍙负 null 鐨勫紩鐢ㄧ被鍨嬬殑娉ㄩ噴銆?[C:\dev\sd1\sts2_ExampleMod-main\KKSavePoint.csproj]
C:\dev\sd1\sts2_ExampleMod-main\src\Features\SavePointFeature.cs(5166,72): warning CS8632: 鍙兘鍦?"#nullable" 娉ㄩ噴涓婁笅鏂囧唴鐨勪唬鐮佷腑浣跨敤鍙负 null 鐨勫紩鐢ㄧ被鍨嬬殑娉ㄩ噴銆?[C:\dev\sd1\sts2_ExampleMod-main\KKSavePoint.csproj]
C:\dev\sd1\sts2_ExampleMod-main\src\Features\SavePointFeature.cs(5242,114): warning CS8632: 鍙兘鍦?"#nullable" 娉ㄩ噴涓婁笅鏂囧唴鐨勪唬鐮佷腑浣跨敤鍙负 null 鐨勫紩鐢ㄧ被鍨嬬殑娉ㄩ噴銆?[C:\dev\sd1\sts2_ExampleMod-main\KKSavePoint.csproj]
C:\dev\sd1\sts2_ExampleMod-main\src\Features\SavePointFeature.cs(5777,46): warning CS8632: 鍙兘鍦?"#nullable" 娉ㄩ噴涓婁笅鏂囧唴鐨勪唬鐮佷腑浣跨敤鍙负 null 鐨勫紩鐢ㄧ被鍨嬬殑娉ㄩ噴銆?[C:\dev\sd1\sts2_ExampleMod-main\KKSavePoint.csproj]
C:\dev\sd1\sts2_ExampleMod-main\src\Features\SavePointFeature.cs(216,22): warning CS8632: 鍙兘鍦?"#nullable" 娉ㄩ噴涓婁笅鏂囧唴鐨勪唬鐮佷腑浣跨敤鍙负 null 鐨勫紩鐢ㄧ被鍨嬬殑娉ㄩ噴銆?[C:\dev\sd1\sts2_ExampleMod-main\KKSavePoint.csproj]
C:\dev\sd1\sts2_ExampleMod-main\src\Features\SavePointFeature.cs(223,27): warning CS8632: 鍙兘鍦?"#nullable" 娉ㄩ噴涓婁笅鏂囧唴鐨勪唬鐮佷腑浣跨敤鍙负 null 鐨勫紩鐢ㄧ被鍨嬬殑娉ㄩ噴銆?[C:\dev\sd1\sts2_ExampleMod-main\KKSavePoint.csproj]
C:\dev\sd1\sts2_ExampleMod-main\src\Features\SavePointFeature.cs(579,13): warning CS8632: 鍙兘鍦?"#nullable" 娉ㄩ噴涓婁笅鏂囧唴鐨勪唬鐮佷腑浣跨敤鍙负 null 鐨勫紩鐢ㄧ被鍨嬬殑娉ㄩ噴銆?[C:\dev\sd1\sts2_ExampleMod-main\KKSavePoint.csproj]
C:\dev\sd1\sts2_ExampleMod-main\src\Features\SavePointFeature.cs(1062,19): warning CS8632: 鍙兘鍦?"#nullable" 娉ㄩ噴涓婁笅鏂囧唴鐨勪唬鐮佷腑浣跨敤鍙负 null 鐨勫紩鐢ㄧ被鍨嬬殑娉ㄩ噴銆?[C:\dev\sd1\sts2_ExampleMod-main\KKSavePoint.csproj]
C:\dev\sd1\sts2_ExampleMod-main\src\Features\SavePointFeature.cs(1404,19): warning CS8632: 鍙兘鍦?"#nullable" 娉ㄩ噴涓婁笅鏂囧唴鐨勪唬鐮佷腑浣跨敤鍙负 null 鐨勫紩鐢ㄧ被鍨嬬殑娉ㄩ噴銆?[C:\dev\sd1\sts2_ExampleMod-main\KKSavePoint.csproj]
C:\dev\sd1\sts2_ExampleMod-main\src\Features\SavePointFeature.cs(1544,24): warning CS8632: 鍙兘鍦?"#nullable" 娉ㄩ噴涓婁笅鏂囧唴鐨勪唬鐮佷腑浣跨敤鍙负 null 鐨勫紩鐢ㄧ被鍨嬬殑娉ㄩ噴銆?[C:\dev\sd1\sts2_ExampleMod-main\KKSavePoint.csproj]
C:\dev\sd1\sts2_ExampleMod-main\src\Features\SavePointFeature.cs(1652,19): warning CS8632: 鍙兘鍦?"#nullable" 娉ㄩ噴涓婁笅鏂囧唴鐨勪唬鐮佷腑浣跨敤鍙负 null 鐨勫紩鐢ㄧ被鍨嬬殑娉ㄩ噴銆?[C:\dev\sd1\sts2_ExampleMod-main\KKSavePoint.csproj]
C:\dev\sd1\sts2_ExampleMod-main\src\Features\SavePointFeature.cs(1711,27): warning CS8632: 鍙兘鍦?"#nullable" 娉ㄩ噴涓婁笅鏂囧唴鐨勪唬鐮佷腑浣跨敤鍙负 null 鐨勫紩鐢ㄧ被鍨嬬殑娉ㄩ噴銆?[C:\dev\sd1\sts2_ExampleMod-main\KKSavePoint.csproj]
C:\dev\sd1\sts2_ExampleMod-main\src\Features\SavePointFeature.cs(2029,24): warning CS8632: 鍙兘鍦?"#nullable" 娉ㄩ噴涓婁笅鏂囧唴鐨勪唬鐮佷腑浣跨敤鍙负 null 鐨勫紩鐢ㄧ被鍨嬬殑娉ㄩ噴銆?[C:\dev\sd1\sts2_ExampleMod-main\KKSavePoint.csproj]
C:\dev\sd1\sts2_ExampleMod-main\src\Features\SavePointFeature.cs(2234,28): warning CS8632: 鍙兘鍦?"#nullable" 娉ㄩ噴涓婁笅鏂囧唴鐨勪唬鐮佷腑浣跨敤鍙负 null 鐨勫紩鐢ㄧ被鍨嬬殑娉ㄩ噴銆?[C:\dev\sd1\sts2_ExampleMod-main\KKSavePoint.csproj]
C:\dev\sd1\sts2_ExampleMod-main\src\Features\SavePointFeature.cs(2268,19): warning CS8632: 鍙兘鍦?"#nullable" 娉ㄩ噴涓婁笅鏂囧唴鐨勪唬鐮佷腑浣跨敤鍙负 null 鐨勫紩鐢ㄧ被鍨嬬殑娉ㄩ噴銆?[C:\dev\sd1\sts2_ExampleMod-main\KKSavePoint.csproj]
C:\dev\sd1\sts2_ExampleMod-main\src\Features\SavePointFeature.cs(2280,59): warning CS8632: 鍙兘鍦?"#nullable" 娉ㄩ噴涓婁笅鏂囧唴鐨勪唬鐮佷腑浣跨敤鍙负 null 鐨勫紩鐢ㄧ被鍨嬬殑娉ㄩ噴銆?[C:\dev\sd1\sts2_ExampleMod-main\KKSavePoint.csproj]
C:\dev\sd1\sts2_ExampleMod-main\src\Features\SavePointFeature.cs(2288,68): warning CS8632: 鍙兘鍦?"#nullable" 娉ㄩ噴涓婁笅鏂囧唴鐨勪唬鐮佷腑浣跨敤鍙负 null 鐨勫紩鐢ㄧ被鍨嬬殑娉ㄩ噴銆?[C:\dev\sd1\sts2_ExampleMod-main\KKSavePoint.csproj]
C:\dev\sd1\sts2_ExampleMod-main\src\Features\SavePointFeature.cs(2292,50): warning CS8632: 鍙兘鍦?"#nullable" 娉ㄩ噴涓婁笅鏂囧唴鐨勪唬鐮佷腑浣跨敤鍙负 null 鐨勫紩鐢ㄧ被鍨嬬殑娉ㄩ噴銆?[C:\dev\sd1\sts2_ExampleMod-main\KKSavePoint.csproj]
C:\dev\sd1\sts2_ExampleMod-main\src\Features\SavePointFeature.cs(2623,28): warning CS8632: 鍙兘鍦?"#nullable" 娉ㄩ噴涓婁笅鏂囧唴鐨勪唬鐮佷腑浣跨敤鍙负 null 鐨勫紩鐢ㄧ被鍨嬬殑娉ㄩ噴銆?[C:\dev\sd1\sts2_ExampleMod-main\KKSavePoint.csproj]
C:\dev\sd1\sts2_ExampleMod-main\src\Features\SavePointFeature.cs(2657,19): warning CS8632: 鍙兘鍦?"#nullable" 娉ㄩ噴涓婁笅鏂囧唴鐨勪唬鐮佷腑浣跨敤鍙负 null 鐨勫紩鐢ㄧ被鍨嬬殑娉ㄩ噴銆?[C:\dev\sd1\sts2_ExampleMod-main\KKSavePoint.csproj]
C:\dev\sd1\sts2_ExampleMod-main\src\Features\SavePointFeature.cs(2669,59): warning CS8632: 鍙兘鍦?"#nullable" 娉ㄩ噴涓婁笅鏂囧唴鐨勪唬鐮佷腑浣跨敤鍙负 null 鐨勫紩鐢ㄧ被鍨嬬殑娉ㄩ噴銆?[C:\dev\sd1\sts2_ExampleMod-main\KKSavePoint.csproj]
C:\dev\sd1\sts2_ExampleMod-main\src\Features\SavePointFeature.cs(2677,68): warning CS8632: 鍙兘鍦?"#nullable" 娉ㄩ噴涓婁笅鏂囧唴鐨勪唬鐮佷腑浣跨敤鍙负 null 鐨勫紩鐢ㄧ被鍨嬬殑娉ㄩ噴銆?[C:\dev\sd1\sts2_ExampleMod-main\KKSavePoint.csproj]
C:\dev\sd1\sts2_ExampleMod-main\src\Features\SavePointFeature.cs(2681,50): warning CS8632: 鍙兘鍦?"#nullable" 娉ㄩ噴涓婁笅鏂囧唴鐨勪唬鐮佷腑浣跨敤鍙负 null 鐨勫紩鐢ㄧ被鍨嬬殑娉ㄩ噴銆?[C:\dev\sd1\sts2_ExampleMod-main\KKSavePoint.csproj]
C:\dev\sd1\sts2_ExampleMod-main\src\Features\SavePointFeature.cs(2768,27): warning CS8632: 鍙兘鍦?"#nullable" 娉ㄩ噴涓婁笅鏂囧唴鐨勪唬鐮佷腑浣跨敤鍙负 null 鐨勫紩鐢ㄧ被鍨嬬殑娉ㄩ噴銆?[C:\dev\sd1\sts2_ExampleMod-main\KKSavePoint.csproj]
C:\dev\sd1\sts2_ExampleMod-main\src\Features\SavePointFeature.cs(2780,69): warning CS8632: 鍙兘鍦?"#nullable" 娉ㄩ噴涓婁笅鏂囧唴鐨勪唬鐮佷腑浣跨敤鍙负 null 鐨勫紩鐢ㄧ被鍨嬬殑娉ㄩ噴銆?[C:\dev\sd1\sts2_ExampleMod-main\KKSavePoint.csproj]
C:\dev\sd1\sts2_ExampleMod-main\src\Features\SavePointFeature.cs(3132,17): warning CS8632: 鍙兘鍦?"#nullable" 娉ㄩ噴涓婁笅鏂囧唴鐨勪唬鐮佷腑浣跨敤鍙负 null 鐨勫紩鐢ㄧ被鍨嬬殑娉ㄩ噴銆?[C:\dev\sd1\sts2_ExampleMod-main\KKSavePoint.csproj]
C:\dev\sd1\sts2_ExampleMod-main\src\Features\SavePointFeature.cs(3304,24): warning CS8632: 鍙兘鍦?"#nullable" 娉ㄩ噴涓婁笅鏂囧唴鐨勪唬鐮佷腑浣跨敤鍙负 null 鐨勫紩鐢ㄧ被鍨嬬殑娉ㄩ噴銆?[C:\dev\sd1\sts2_ExampleMod-main\KKSavePoint.csproj]
C:\dev\sd1\sts2_ExampleMod-main\src\Features\SavePointFeature.cs(3305,24): warning CS8632: 鍙兘鍦?"#nullable" 娉ㄩ噴涓婁笅鏂囧唴鐨勪唬鐮佷腑浣跨敤鍙负 null 鐨勫紩鐢ㄧ被鍨嬬殑娉ㄩ噴銆?[C:\dev\sd1\sts2_ExampleMod-main\KKSavePoint.csproj]
C:\dev\sd1\sts2_ExampleMod-main\src\Features\SavePointFeature.cs(3368,24): warning CS8632: 鍙兘鍦?"#nullable" 娉ㄩ噴涓婁笅鏂囧唴鐨勪唬鐮佷腑浣跨敤鍙负 null 鐨勫紩鐢ㄧ被鍨嬬殑娉ㄩ噴銆?[C:\dev\sd1\sts2_ExampleMod-main\KKSavePoint.csproj]
C:\dev\sd1\sts2_ExampleMod-main\src\Features\SavePointFeature.cs(3414,19): warning CS8632: 鍙兘鍦?"#nullable" 娉ㄩ噴涓婁笅鏂囧唴鐨勪唬鐮佷腑浣跨敤鍙负 null 鐨勫紩鐢ㄧ被鍨嬬殑娉ㄩ噴銆?[C:\dev\sd1\sts2_ExampleMod-main\KKSavePoint.csproj]
C:\dev\sd1\sts2_ExampleMod-main\src\Features\SavePointFeature.cs(3443,27): warning CS8632: 鍙兘鍦?"#nullable" 娉ㄩ噴涓婁笅鏂囧唴鐨勪唬鐮佷腑浣跨敤鍙负 null 鐨勫紩鐢ㄧ被鍨嬬殑娉ㄩ噴銆?[C:\dev\sd1\sts2_ExampleMod-main\KKSavePoint.csproj]
C:\dev\sd1\sts2_ExampleMod-main\src\Features\SavePointFeature.cs(3848,27): warning CS8632: 鍙兘鍦?"#nullable" 娉ㄩ噴涓婁笅鏂囧唴鐨勪唬鐮佷腑浣跨敤鍙负 null 鐨勫紩鐢ㄧ被鍨嬬殑娉ㄩ噴銆?[C:\dev\sd1\sts2_ExampleMod-main\KKSavePoint.csproj]
C:\dev\sd1\sts2_ExampleMod-main\src\Features\SavePointFeature.cs(3979,35): warning CS8632: 鍙兘鍦?"#nullable" 娉ㄩ噴涓婁笅鏂囧唴鐨勪唬鐮佷腑浣跨敤鍙负 null 鐨勫紩鐢ㄧ被鍨嬬殑娉ㄩ噴銆?[C:\dev\sd1\sts2_ExampleMod-main\KKSavePoint.csproj]
C:\dev\sd1\sts2_ExampleMod-main\src\Features\SavePointFeature.cs(4270,28): warning CS8632: 鍙兘鍦?"#nullable" 娉ㄩ噴涓婁笅鏂囧唴鐨勪唬鐮佷腑浣跨敤鍙负 null 鐨勫紩鐢ㄧ被鍨嬬殑娉ㄩ噴銆?[C:\dev\sd1\sts2_ExampleMod-main\KKSavePoint.csproj]
C:\dev\sd1\sts2_ExampleMod-main\src\Features\SavePointFeature.cs(4469,19): warning CS8632: 鍙兘鍦?"#nullable" 娉ㄩ噴涓婁笅鏂囧唴鐨勪唬鐮佷腑浣跨敤鍙负 null 鐨勫紩鐢ㄧ被鍨嬬殑娉ㄩ噴銆?[C:\dev\sd1\sts2_ExampleMod-main\KKSavePoint.csproj]
C:\dev\sd1\sts2_ExampleMod-main\src\Features\SavePointFeature.cs(4418,30): warning CS0168: 澹版槑浜嗗彉閲忊€渆x鈥濓紝浣嗕粠鏈娇鐢ㄨ繃 [C:\dev\sd1\sts2_ExampleMod-main\KKSavePoint.csproj]
C:\dev\sd1\sts2_ExampleMod-main\src\Features\SavePointFeature.cs(4461,30): warning CS0168: 澹版槑浜嗗彉閲忊€渆x鈥濓紝浣嗕粠鏈娇鐢ㄨ繃 [C:\dev\sd1\sts2_ExampleMod-main\KKSavePoint.csproj]
C:\dev\sd1\sts2_ExampleMod-main\src\Features\SavePointFeature.cs(4622,46): warning CS0168: 澹版槑浜嗗彉閲忊€渆x鈥濓紝浣嗕粠鏈娇鐢ㄨ繃 [C:\dev\sd1\sts2_ExampleMod-main\KKSavePoint.csproj]
C:\dev\sd1\sts2_ExampleMod-main\src\Features\SavePointFeature.cs(4469,21): warning CS0219: 鍙橀噺鈥渃ardsPath鈥濆凡琚祴鍊硷紝浣嗕粠鏈娇鐢ㄨ繃瀹冪殑鍊?[C:\dev\sd1\sts2_ExampleMod-main\KKSavePoint.csproj]
C:\dev\sd1\sts2_ExampleMod-main\src\Features\SavePointFeature.cs(4704,28): warning CS8632: 鍙兘鍦?"#nullable" 娉ㄩ噴涓婁笅鏂囧唴鐨勪唬鐮佷腑浣跨敤鍙负 null 鐨勫紩鐢ㄧ被鍨嬬殑娉ㄩ噴銆?[C:\dev\sd1\sts2_ExampleMod-main\KKSavePoint.csproj]
C:\dev\sd1\sts2_ExampleMod-main\src\Features\SavePointFeature.cs(4811,22): warning CS0219: 鍙橀噺鈥減rocessedPlayers鈥濆凡琚祴鍊硷紝浣嗕粠鏈娇鐢ㄨ繃瀹冪殑鍊?[C:\dev\sd1\sts2_ExampleMod-main\KKSavePoint.csproj]
C:\dev\sd1\sts2_ExampleMod-main\src\Features\SavePointFeature.cs(5254,23): warning CS8632: 鍙兘鍦?"#nullable" 娉ㄩ噴涓婁笅鏂囧唴鐨勪唬鐮佷腑浣跨敤鍙负 null 鐨勫紩鐢ㄧ被鍨嬬殑娉ㄩ噴銆?[C:\dev\sd1\sts2_ExampleMod-main\KKSavePoint.csproj]
C:\dev\sd1\sts2_ExampleMod-main\src\Features\SavePointFeature.cs(5184,31): warning CS8632: 鍙兘鍦?"#nullable" 娉ㄩ噴涓婁笅鏂囧唴鐨勪唬鐮佷腑浣跨敤鍙负 null 鐨勫紩鐢ㄧ被鍨嬬殑娉ㄩ噴銆?[C:\dev\sd1\sts2_ExampleMod-main\KKSavePoint.csproj]
C:\dev\sd1\sts2_ExampleMod-main\src\Features\SavePointFeature.cs(5121,23): warning CS8632: 鍙兘鍦?"#nullable" 娉ㄩ噴涓婁笅鏂囧唴鐨勪唬鐮佷腑浣跨敤鍙负 null 鐨勫紩鐢ㄧ被鍨嬬殑娉ㄩ噴銆?[C:\dev\sd1\sts2_ExampleMod-main\KKSavePoint.csproj]
C:\dev\sd1\sts2_ExampleMod-main\src\Features\SavePointFeature.cs(75,36): warning CS0414: 瀛楁鈥淪avePointFeature._pendingCardSelectionRecord鈥濆凡琚祴鍊硷紝浣嗕粠鏈娇鐢ㄨ繃瀹冪殑鍊?[C:\dev\sd1\sts2_ExampleMod-main\KKSavePoint.csproj]
C:\dev\sd1\sts2_ExampleMod-main\src\Features\SavePointFeature.cs(76,42): warning CS0414: 瀛楁鈥淪avePointFeature._pendingReplayCardSelection鈥濆凡琚祴鍊硷紝浣嗕粠鏈娇鐢ㄨ繃瀹冪殑鍊?[C:\dev\sd1\sts2_ExampleMod-main\KKSavePoint.csproj]
C:\dev\sd1\sts2_ExampleMod-main\src\Features\SavePointFeature.cs(60,38): warning CS0414: 瀛楁鈥淪avePointFeature._pendingReplayData鈥濆凡琚祴鍊硷紝浣嗕粠鏈娇鐢ㄨ繃瀹冪殑鍊?[C:\dev\sd1\sts2_ExampleMod-main\KKSavePoint.csproj]
CSC : warning STS002: Localization files must be added as additional files for analysis [C:\dev\sd1\sts2_ExampleMod-main\KKSavePoint.csproj]
C:\dev\sd1\sts2_ExampleMod-main\src\Features\SavePointFeature.cs(1765,37): error CS0117: 鈥淟og鈥濇湭鍖呭惈鈥淲arning鈥濈殑瀹氫箟 [C:\dev\sd1\sts2_ExampleMod-main\KKSavePoint.csproj]
    71 涓鍛?
    1 涓敊璇?

宸茬敤鏃堕棿 00:00:04.72
